Script started on Mon Oct  5 15:06:33 2020

The default interactive shell is now zsh.
To update your account to use zsh, please run `chsh -s /bin/zsh`.
For more details, please visit https://support.apple.com/kb/HT208050.
[?1034hbash-3.2$ mkdir Repo1
bash-3.2$ cd Repo1
bash-3.2$ pwd
/Users/elchinmamedaliev/Desktop/git/Repo1
bash-3.2$ git init
Initialized empty Git repository in /Users/elchinmamedaliev/Desktop/git/Repo1/.git/
bash-3.2$ touch CurDate.java
bash-3.2$ ls
CurDate.java
bash-3.2$ git add read[K[K[K[KCurDate.java 
bash-3.2$ git status
On branch master

No commits yet

Changes to be committed:
  (use "git rm --cached <file>..." to unstage)
	[32mnew file:   CurDate.java[m

bash-3.2$ git commit -m "Added an empty file to [K[K[K[K[K[K[K[K[K[K[K[K[K[K[K[K[K[K[K[K[K[K[K[K"Created repo and added a new[K[K[K[K[K[K new empty CurDate file"
[master (root-commit) 488a7d6] Created repo and added new empty CurDate file
 1 file changed, 0 insertions(+), 0 deletions(-)
 create mode 100644 CurDate.java
bash-3.2$ git log
[?1h=[33mcommit 488a7d6e173ecdd34ef645d9ce5b5f6eefaea937[m[33m ([m[1;36mHEAD -> [m[1;32mmaster[m[33m)[m[m
Author: Elchin Mamedaliev <elchin321@gmail.com>[m
Date:   Mon Oct 5 15:11:45 2020 -0400[m
[m
    Created repo and added new empty CurDate file[m
[K[?1l>bash-3.2$ git [K[K[K[Kpwd[K[K[Kls
CurDate.class	CurDate.java
bash-3.2$ git add CurDate.java
bash-3.2$ git status
On branch master
Changes to be committed:
  (use "git restore --staged <file>..." to unstage)
	[32mmodified:   CurDate.java[m

Untracked files:
  (use "git add <file>..." to include in what will be committed)
	[31mCurDate.class[m

bash-3.2$ git add a[K-all
error: did you mean `--all` (with two dashes ?)
bash-3.2$ g[Kgit add -all-all
bash-3.2$ git status
On branch master
Changes to be committed:
  (use "git restore --staged <file>..." to unstage)
	[32mnew file:   CurDate.class[m
	[32mmodified:   CurDate.java[m

bash-3.2$ git conn[K[Kmmit -m "Added code to the CurC[KDate file
> "
[master 2417418] Added code to the CurDate file
 2 files changed, 13 insertions(+)
 create mode 100644 CurDate.class
bash-3.2$ git log
[?1h=[33mcommit 24174189966841437ddf076720ff7f69946db42e[m[33m ([m[1;36mHEAD -> [m[1;32mmaster[m[33m)[m[m
Author: Elchin Mamedaliev <elchin321@gmail.com>[m
Date:   Mon Oct 5 15:17:17 2020 -0400[m
[m
    Added code to the CurDate file[m
[m
[33mcommit 488a7d6e173ecdd34ef645d9ce5b5f6eefaea937[m[m
Author: Elchin Mamedaliev <elchin321@gmail.com>[m
Date:   Mon Oct 5 15:11:45 2020 -0400[m
[m
    Created repo and added new empty CurDate file[m
[K[?1l>bash-3.2$ ex[K[Klig[K[K[Kexit
exit

Script done on Mon Oct  5 15:19:11 2020
